// Jest Snapshot v1, https://goo.gl/fbAQLP

exports[`Snapshot Test 1`] = `
<div
  className="forms"
>
  <div>
    <div
      className="imgcontainer"
    >
      <img
        alt="Avatar"
        className="avatar"
        src="download.png"
      />
    </div>
    <h2
      id="headerTitle"
    >
      Login
    </h2>
  </div>
  <div>
    <form
      onSubmit={[Function]}
    >
      <div
        className="row"
      >
        <label>
          Email
        </label>
        <input
          name="email"
          onChange={[Function]}
          placeholder="Enter your Email"
          required={true}
          type="text"
          value=""
        />
      </div>
      <div
        className="row"
      >
        <label>
          Password
        </label>
        <input
          name="password"
          onChange={[Function]}
          placeholder="Enter your Password"
          required={true}
          type="password"
          value=""
        />
      </div>
      <div
        className="row"
        id="button"
      >
        <button>
          Log In
        </button>
      </div>
      <hr />
      <div
        className="row"
        id="button"
      >
        <div
          style={
            Object {
              "marginLeft": "0px",
              "textAlign": "center",
            }
          }
        >
          <ul>
            <li
              style={
                Object {
                  "display": "inline",
                }
              }
            >
               
              <a
                class="fa-brands fa-facebook"
                href="#"
                onClick={[Function]}
              />
            </li>
            <li
              style={
                Object {
                  "display": "inline",
                }
              }
            >
               
              <a
                class="fa-brands fa-google"
                href="#"
                onClick={[Function]}
              />
            </li>
            <li
              style={
                Object {
                  "display": "inline",
                }
              }
            >
               
              <a
                class="fa-brands fa-twitter"
                href="#"
                onClick={[Function]}
              />
            </li>
          </ul>
        </div>
      </div>
    </form>
  </div>
  <div
    className="container"
    style={
      Object {
        "backgroundColor": "#f1f1f1",
        "height": "50px",
        "textAlign": "center",
      }
    }
  >
    New User ? 
    <a
      href="/register"
    >
      Register Here
    </a>
  </div>
</div>
`;
